// Jest Snapshot v1, https://goo.gl/fbAQLP

exports[`MyComponent should match the snapshot 1`] = `
<div>
  This is a custom component
</div>
`;
